// Jest Snapshot v1, https://goo.gl/fbAQLP

exports[`The indivial page of the app countires renders properly 1`] = `
<div
  className="ui active dimmer"
>
  <div
    className="ui big text loader"
  >
    Loading...
  </div>
</div>
`;
